// Jest Snapshot v1, https://goo.gl/fbAQLP

exports[`<CTAButtonsWrapper /> should render 1`] = `
<ContextConsumer>
  <Component />
</ContextConsumer>
`;
