// Jest Snapshot v1, https://goo.gl/fbAQLP

exports[`<GroupedProductsWrapper /> should render 1`] = `
<ContextConsumer>
  <Component />
</ContextConsumer>
`;
