// Jest Snapshot v1, https://goo.gl/fbAQLP

exports[`Rating (product header) Rendering should render rating when data is available 1`] = `
<Provider
  store={
    Object {
      "clearActions": [Function],
      "dispatch": [Function],
      "getActions": [Function],
      "getState": [Function],
      "replaceReducer": [Function],
      "subscribe": [Function],
    }
  }
>
  <Connect(Rating)>
    <Rating
      dispatch={[Function]}
      rating={null}
    />
  </Connect(Rating)>
</Provider>
`;
