// Jest Snapshot v1, https://goo.gl/fbAQLP

exports[`<ProductHeaderBefore /> should render 1`] = `
<WithPageProductId
  WrappedComponent={[Function]}
/>
`;
